// Jest Snapshot v1, https://goo.gl/fbAQLP

exports[`Components:molecules:CardProfessores Snapshots should render component with correctly props 1`] = `
"<div class=\\"bg-white grid grid-cols-1 lg:grid-cols-2 gap-20 p-6 md:p-14 justify-items-center rounded-[30px] border border-primary-beige-300\\">
  <div class=\\"w-full h-[425px] rounded-[32px] hidden md:block\\" style=\\"background: url(none);\\"></div>
  <div class=\\"flex flex-col justify-center\\">
    <h1 class=\\"text-3xl md:text-[40px] font-semibold mb-10\\">
      Professores <span class=\\"text-primary-bordo-500\\">Responsáveis</span></h1>
    <div class=\\"flex items-center justify-left mb-8 text-2xl\\"><i class=\\"w-18 h-18 min-w-[62px] md:w-20 md:h-20 md:min-w-[80px] rounded-full mr-4 lg:mr-8\\"></i>
      <div class=\\"flex flex-col justify-center \\"><span class=\\"font-medium md:font-normal text-xl md:text-2xl\\">Profº Marco Aurélio Lischt</span> <a href=\\"#\\" class=\\"underline flex gap-8 items-center text-base md:text-2xl text-primary-bordo-500\\">VER CURRÍCULO <i><svg xmlns=\\"http://www.w3.org/2000/svg\\" width=\\"18\\" height=\\"18.828\\" viewBox=\\"0 0 18 18.828\\" class=\\"hover:translate-x-4 transition-all\\">
              <g id=\\"Icon_feather-arrow-right\\" data-name=\\"Icon feather-arrow-right\\" transform=\\"translate(1 1.414)\\">
                <path id=\\"Caminho_1292\\" data-name=\\"Caminho 1292\\" d=\\"M7.5,18h16\\" transform=\\"translate(-7.5 -10)\\" fill=\\"none\\" stroke=\\"#991C3A\\" stroke-linecap=\\"round\\" stroke-linejoin=\\"round\\" stroke-width=\\"2\\"></path>
                <path id=\\"Caminho_1293\\" data-name=\\"Caminho 1293\\" d=\\"M18,7.5l8.4,8-8.4,8\\" transform=\\"translate(-10.395 -7.5)\\" fill=\\"none\\" stroke=\\"#991C3A\\" stroke-linecap=\\"round\\" stroke-linejoin=\\"round\\" stroke-width=\\"2\\"></path>
              </g>
            </svg></i></a></div>
    </div>
    <div class=\\"flex items-center justify-left mb-8 text-2xl\\"><i class=\\"w-18 h-18 min-w-[62px] md:w-20 md:h-20 md:min-w-[80px] rounded-full mr-4 lg:mr-8\\"></i>
      <div class=\\"flex flex-col justify-center \\"><span class=\\"font-medium md:font-normal text-xl md:text-2xl\\">Profª Elza Pereira</span> <a href=\\"#\\" class=\\"underline flex gap-8 items-center text-base md:text-2xl text-primary-bordo-500\\">VER CURRÍCULO <i><svg xmlns=\\"http://www.w3.org/2000/svg\\" width=\\"18\\" height=\\"18.828\\" viewBox=\\"0 0 18 18.828\\" class=\\"hover:translate-x-4 transition-all\\">
              <g id=\\"Icon_feather-arrow-right\\" data-name=\\"Icon feather-arrow-right\\" transform=\\"translate(1 1.414)\\">
                <path id=\\"Caminho_1292\\" data-name=\\"Caminho 1292\\" d=\\"M7.5,18h16\\" transform=\\"translate(-7.5 -10)\\" fill=\\"none\\" stroke=\\"#991C3A\\" stroke-linecap=\\"round\\" stroke-linejoin=\\"round\\" stroke-width=\\"2\\"></path>
                <path id=\\"Caminho_1293\\" data-name=\\"Caminho 1293\\" d=\\"M18,7.5l8.4,8-8.4,8\\" transform=\\"translate(-10.395 -7.5)\\" fill=\\"none\\" stroke=\\"#991C3A\\" stroke-linecap=\\"round\\" stroke-linejoin=\\"round\\" stroke-width=\\"2\\"></path>
              </g>
            </svg></i></a></div>
    </div>
  </div>
</div>"
`;
