// Jest Snapshot v1, https://goo.gl/fbAQLP

exports[`Components:molecules:CardVideo Snapshots should render component with correctly props 1`] = `
"<div class=\\"flex flex-col justify-center\\">
  <h3 class=\\"text-3xl text-black md:text-[40px] mb-6 mt-10 md:my-10 font-semibold\\">
    Escola de música <span class=\\"text-primary-orange-500\\">em ação</span></h3> <img src=\\"https://images.unsplash.com/photo-1465847899084-d164df4dedc6?ixlib=rb-1.2.1&amp;ixid=MnwxMjA3fDB8MHxwaG90by1wYWdlfHx8fGVufDB8fHx8&amp;auto=format&amp;fit=crop&amp;w=1170&amp;q=80\\" alt=\\"\\" srcset=\\"\\" class=\\"rounded-3xl max-h-[189px] md:max-h-[800px]\\">
</div>"
`;
