// Jest Snapshot v1, https://goo.gl/fbAQLP

exports[`Components:atoms:MusicBar Snapshots should render component with correctly props 1`] = `
"<div>
  <div class=\\"flex justify-between\\">
    <p class=\\"text-sm text-primary-beige-700 font-semibold\\">
      01:28
    </p>
    <p class=\\"text-sm text-primary-beige-700 font-semibold\\">
      05:00
    </p>
  </div>
  <div class=\\"flex-1 bg-primary-beige-300 h-2 rounded-3xl\\">
    <div class=\\"relative bg-primary-beige-700 h-2 rounded-3xl\\" style=\\"width: 18%;\\"></div>
  </div>
</div>"
`;
